<?xml version="1.0" encoding="UTF-8"?>
<TestRun id="511ea470-f832-4c41-936f-f3fd8a89f7f7" name="MDavis@4TCC8P1 2012-06-25 12:34:56" runUser="CLC_DOMAIN\MDavis" xmlns="http://microsoft.com/schemas/VisualStudio/TeamTest/2010">
  <TestSettings name="Local" id="c81e61d7-eda7-4241-abac-4f7c050a0c4f">
    <Description>These are default test settings for a local test run.</Description>
    <Deployment enabled="false" runDeploymentRoot="MDavis_4TCC8P1 2012-06-25 12_34_56">
      <DeploymentItem filename="C:\Users\mdavis\Documents\visual studio 2010\Projects\Specflow\packages\Selenium.Support.2.24.0\lib\net40\WebDriver.Support.dll" />
      <DeploymentItem filename="C:\Users\mdavis\Documents\Visual Studio 2010\Projects\Specflow\packages\Newtonsoft.Json.4.5.1\lib\net40\Newtonsoft.Json.dll" />
      <DeploymentItem filename="C:\Users\mdavis\Documents\visual studio 2010\Projects\Specflow\packages\Newtonsoft.Json.4.5.1\lib\net40\Newtonsoft.Json.dll" />
      <DeploymentItem filename="C:\Users\mdavis\Documents\Visual Studio 2010\Projects\Specflow\packages\Castle.Core.3.0.0.4001\lib\net40-client\Castle.Core.dll" />
      <DeploymentItem filename="C:\Users\mdavis\Documents\visual studio 2010\Projects\Specflow\Chinchilla\bin\Debug\Chinchilla.dll" />
      <DeploymentItem filename="C:\Users\mdavis\Documents\Visual Studio 2010\Projects\Specflow\packages\DotNetZip.1.9.1.8\lib\net20\Ionic.Zip.dll" />
      <DeploymentItem filename="C:\Users\mdavis\Documents\Visual Studio 2010\Projects\Specflow\packages\Selenium.WebDriver.2.24.0\lib\net40\WebDriver.dll" />
      <DeploymentItem filename="C:\Users\mdavis\Documents\visual studio 2010\Projects\Specflow\Specflow\bin\Specflow.dll" />
      <DeploymentItem filename="C:\Users\mdavis\Documents\visual studio 2010\Projects\Specflow\packages\Selenium.WebDriver.2.24.0\lib\net40\WebDriver.dll" />
      <DeploymentItem filename="C:\Users\mdavis\Documents\Visual Studio 2010\Projects\Specflow\packages\Moq.4.0.10827\lib\NET40\Moq.dll" />
      <DeploymentItem filename="C:\Users\mdavis\Documents\visual studio 2010\Projects\Specflow\packages\SpecFlow.1.8.1\lib\net35\TechTalk.SpecFlow.dll" />
      <DeploymentItem filename="C:\Users\mdavis\Documents\visual studio 2010\Projects\Specflow\packages\Castle.Core.3.0.0.4001\lib\net40-client\Castle.Core.dll" />
      <DeploymentItem filename="C:\Users\mdavis\Documents\Visual Studio 2010\Projects\Specflow\packages\Selenium.Support.2.24.0\lib\net40\WebDriver.Support.dll" />
      <DeploymentItem filename="C:\Users\mdavis\Documents\visual studio 2010\Projects\Specflow\packages\DotNetZip.1.9.1.8\lib\net20\Ionic.Zip.dll" />
    </Deployment>
    <Execution>
      <TestTypeSpecific />
      <AgentRule name="Execution Agents">
      </AgentRule>
    </Execution>
  </TestSettings>
  <Times creation="2012-06-25T12:34:56.2065663-07:00" queuing="2012-06-25T12:34:56.2845663-07:00" start="2012-06-25T12:34:56.3001663-07:00" finish="2012-06-25T12:34:56.7369663-07:00" />
  <ResultSummary outcome="Error">
    <Counters total="4" executed="4" passed="3" error="1" failed="0" timeout="0" aborted="0" inconclusive="0" passedButRunAborted="0" notRunnable="0" notExecuted="0" disconnected="0" warning="0" completed="0" inProgress="0" pending="0" />
  </ResultSummary>
  <TestDefinitions>
    <UnitTest name="ClickLinkTextTest" storage="c:\users\mdavis\documents\visual studio 2010\projects\specflow\chinchilla.tests\bin\debug\chinchilla.tests.dll" id="75228d1f-71c8-c6ea-2c16-67ee9bad2367">
      <Execution id="e4333967-04a5-4504-9886-9f0b877cf2f9" />
      <TestMethod codeBase="C:/Users/mdavis/Documents/Visual Studio 2010/Projects/Specflow/Chinchilla.Tests/bin/Debug/Chinchilla.Tests.DLL" adapterTypeName="Microsoft.VisualStudio.TestTools.TestTypes.Unit.UnitTestAdapter, Microsoft.VisualStudio.QualityTools.Tips.UnitTest.Adapter, Version=10.0.0.0, Culture=neutral, PublicKeyToken=b03f5f7f11d50a3a" className="MJD.Tests.ChinchillaTest, Chinchilla.Tests, Version=1.0.0.0, Culture=neutral, PublicKeyToken=null" name="ClickLinkTextTest" />
    </UnitTest>
    <UnitTest name="NewUserRegisters" storage="c:\users\mdavis\documents\visual studio 2010\projects\specflow\specflow.tests\bin\debug\specflow.tests.dll" id="3e7c6e15-675f-9ab3-bcb4-dce25822e358">
      <Description>New User Registers</Description>
      <Execution id="e35869db-3e9e-4a61-ae9e-26cc7891a625" />
      <Properties>
        <Property>
          <Key>FeatureTitle</Key>
          <Value>Addition</Value>
        </Property>
      </Properties>
      <TestMethod codeBase="C:/Users/mdavis/Documents/visual studio 2010/Projects/Specflow/Specflow.Tests/bin/Debug/Specflow.Tests.DLL" adapterTypeName="Microsoft.VisualStudio.TestTools.TestTypes.Unit.UnitTestAdapter, Microsoft.VisualStudio.QualityTools.Tips.UnitTest.Adapter, Version=10.0.0.0, Culture=neutral, PublicKeyToken=b03f5f7f11d50a3a" className="Specflow.Tests.Features.AdditionFeature, Specflow.Tests, Version=1.0.0.0, Culture=neutral, PublicKeyToken=null" name="NewUserRegisters" />
    </UnitTest>
    <UnitTest name="ClickLinkMultipleTest" storage="c:\users\mdavis\documents\visual studio 2010\projects\specflow\chinchilla.tests\bin\debug\chinchilla.tests.dll" id="22d78590-6f93-535f-927a-33217bb8dffa">
      <Execution id="2dd39b06-99f0-4dc9-811a-fc59de23f844" />
      <TestMethod codeBase="C:/Users/mdavis/Documents/Visual Studio 2010/Projects/Specflow/Chinchilla.Tests/bin/Debug/Chinchilla.Tests.DLL" adapterTypeName="Microsoft.VisualStudio.TestTools.TestTypes.Unit.UnitTestAdapter, Microsoft.VisualStudio.QualityTools.Tips.UnitTest.Adapter, Version=10.0.0.0, Culture=neutral, PublicKeyToken=b03f5f7f11d50a3a" className="MJD.Tests.ChinchillaTest, Chinchilla.Tests, Version=1.0.0.0, Culture=neutral, PublicKeyToken=null" name="ClickLinkMultipleTest" />
    </UnitTest>
    <UnitTest name="ClickLinkNoneTest" storage="c:\users\mdavis\documents\visual studio 2010\projects\specflow\chinchilla.tests\bin\debug\chinchilla.tests.dll" id="7b80570c-6d2b-6e2a-2a63-b546101f8a23">
      <Execution id="e6560d1d-954a-4745-8369-fe359321270b" />
      <TestMethod codeBase="C:/Users/mdavis/Documents/Visual Studio 2010/Projects/Specflow/Chinchilla.Tests/bin/Debug/Chinchilla.Tests.DLL" adapterTypeName="Microsoft.VisualStudio.TestTools.TestTypes.Unit.UnitTestAdapter, Microsoft.VisualStudio.QualityTools.Tips.UnitTest.Adapter, Version=10.0.0.0, Culture=neutral, PublicKeyToken=b03f5f7f11d50a3a" className="MJD.Tests.ChinchillaTest, Chinchilla.Tests, Version=1.0.0.0, Culture=neutral, PublicKeyToken=null" name="ClickLinkNoneTest" />
    </UnitTest>
  </TestDefinitions>
  <TestLists>
    <TestList name="Results Not in a List" id="8c84fa94-04c1-424b-9868-57a2d4851a1d" />
    <TestList name="All Loaded Results" id="19431567-8539-422a-85d7-44ee4e166bda" />
  </TestLists>
  <TestEntries>
    <TestEntry testId="22d78590-6f93-535f-927a-33217bb8dffa" executionId="2dd39b06-99f0-4dc9-811a-fc59de23f844" testListId="8c84fa94-04c1-424b-9868-57a2d4851a1d" />
    <TestEntry testId="3e7c6e15-675f-9ab3-bcb4-dce25822e358" executionId="e35869db-3e9e-4a61-ae9e-26cc7891a625" testListId="8c84fa94-04c1-424b-9868-57a2d4851a1d" />
    <TestEntry testId="75228d1f-71c8-c6ea-2c16-67ee9bad2367" executionId="e4333967-04a5-4504-9886-9f0b877cf2f9" testListId="8c84fa94-04c1-424b-9868-57a2d4851a1d" />
    <TestEntry testId="7b80570c-6d2b-6e2a-2a63-b546101f8a23" executionId="e6560d1d-954a-4745-8369-fe359321270b" testListId="8c84fa94-04c1-424b-9868-57a2d4851a1d" />
  </TestEntries>
  <Results>
    <UnitTestResult executionId="2dd39b06-99f0-4dc9-811a-fc59de23f844" testId="22d78590-6f93-535f-927a-33217bb8dffa" testName="ClickLinkMultipleTest" computerName="4TCC8P1" duration="00:00:00.1866106" startTime="2012-06-25T12:34:56.3001663-07:00" endTime="2012-06-25T12:34:56.6433663-07:00" testType="13cdc9d9-ddb5-4fa4-a97d-d965ccfc6d4b" outcome="Passed" testListId="8c84fa94-04c1-424b-9868-57a2d4851a1d" relativeResultsDirectory="2dd39b06-99f0-4dc9-811a-fc59de23f844">
    </UnitTestResult>
    <UnitTestResult executionId="e35869db-3e9e-4a61-ae9e-26cc7891a625" testId="3e7c6e15-675f-9ab3-bcb4-dce25822e358" testName="NewUserRegisters" computerName="4TCC8P1" startTime="2012-06-25T12:34:56.6433663-07:00" endTime="2012-06-25T12:34:56.7213663-07:00" testType="13cdc9d9-ddb5-4fa4-a97d-d965ccfc6d4b" testListId="8c84fa94-04c1-424b-9868-57a2d4851a1d" relativeResultsDirectory="e35869db-3e9e-4a61-ae9e-26cc7891a625">
      <Output>
        <ErrorInfo>
          <Message>Unit Test Adapter threw exception: 
The type initializer for 'Microsoft.VisualStudio.TestTools.Diagnostics.EqtTrace' threw an exception.
Configuration system failed to initialize
Only one &lt;configSections&gt; element allowed per config file and if present must be the first child of the root &lt;configuration&gt; element. (C:\Users\mdavis\Documents\visual studio 2010\Projects\Specflow\Specflow.Tests\bin\Debug\Specflow.Tests.DLL.config line 6).</Message>
        </ErrorInfo>
      </Output>
    </UnitTestResult>
    <UnitTestResult executionId="e4333967-04a5-4504-9886-9f0b877cf2f9" testId="75228d1f-71c8-c6ea-2c16-67ee9bad2367" testName="ClickLinkTextTest" computerName="4TCC8P1" duration="00:00:00.0024608" startTime="2012-06-25T12:34:56.7213663-07:00" endTime="2012-06-25T12:34:56.7213663-07:00" testType="13cdc9d9-ddb5-4fa4-a97d-d965ccfc6d4b" outcome="Passed" testListId="8c84fa94-04c1-424b-9868-57a2d4851a1d" relativeResultsDirectory="e4333967-04a5-4504-9886-9f0b877cf2f9">
    </UnitTestResult>
    <UnitTestResult executionId="e6560d1d-954a-4745-8369-fe359321270b" testId="7b80570c-6d2b-6e2a-2a63-b546101f8a23" testName="ClickLinkNoneTest" computerName="4TCC8P1" duration="00:00:00.0013454" startTime="2012-06-25T12:34:56.7213663-07:00" endTime="2012-06-25T12:34:56.7213663-07:00" testType="13cdc9d9-ddb5-4fa4-a97d-d965ccfc6d4b" outcome="Passed" testListId="8c84fa94-04c1-424b-9868-57a2d4851a1d" relativeResultsDirectory="e6560d1d-954a-4745-8369-fe359321270b">
    </UnitTestResult>
  </Results>
</TestRun>